TEWSencdec.c:41:5:encode_normal	64	static
TEWSencdec.c:93:5:encode_tsunami	72	static
TEWSencdec.c:168:5:encode_dataEng_OBU	56	static
TEWSencdec.c:217:5:encode_dataEng_Buoy	56	static
TEWSencdec.c:273:5:encode_dataSetting1	40	static
TEWSencdec.c:296:5:encode_dataSetting2	40	static
TEWSencdec.c:319:5:encode_dataNormal_Buoy	48	static
TEWSencdec.c:358:5:encode_dataLat	40	static
TEWSencdec.c:404:5:encode_position	112	static
TEWSencdec.c:500:6:decode_modekirim	40	static
TEWSencdec.c:510:6:decode_normal	64	static
TEWSencdec.c:565:6:decode_tsunami	72	static
TEWSencdec.c:638:6:decode_dataEng_OBU	56	static
TEWSencdec.c:733:6:decode_dataEng_Buoy	56	static
TEWSencdec.c:784:6:decode_dataSetting1	40	static
TEWSencdec.c:800:6:decode_dataSetting2	40	static
TEWSencdec.c:816:7:byte_to_binary	56	static
TEWSencdec.c:848:15:convert_6bit_to_ascii	16	static
TEWSencdec.c:865:6:convert_bytes_to_6bit	104	static
TEWSencdec.c:960:15:conver_char6bit_to_val6bit	24	static
TEWSencdec.c:976:6:convert_6bit_to_bytes	96	static
TEWSencdec.c:1066:10:sender	32	static
TEWSencdec.c:1077:5:receiver	40	static
TEWSencdec.c:1095:10:crc32_check	48	static
TEWSencdec.c:1129:10:ccrc16	24	static
TEWSencdec.c:1139:10:rreverseBits	24	static
TEWSencdec.c:1149:6:cekCRC	72	static
TEWSencdec.c:1172:7:zstring_strtok	32	static
TEWSencdec.c:1226:5:valueFromString	32	static
